[0.029s][info][gc] Using The Z Garbage Collector
[1.176s][info][gc] GC(0) Garbage Collection (Warmup) 116M(23%)->112M(22%)
[1.292s][info][gc] GC(1) Garbage Collection (Warmup) 308M(60%)->266M(52%)
[1.395s][info][gc] GC(2) Garbage Collection (Warmup) 426M(83%)->364M(71%)
[1.420s][debug][gc] GC(3) Boosting workers
[1.424s][info ][gc] Allocation Stall (main) 4.181ms
[1.440s][info ][gc] Allocation Stall (main) 15.464ms
[1.443s][info ][gc] Allocation Stall (main) 0.420ms
[1.451s][info ][gc] GC(3) Garbage Collection (Allocation Stall) 486M(95%)->312M(61%)
[1.475s][debug][gc] GC(4) Boosting workers
[1.483s][info ][gc] Allocation Stall (main) 8.080ms
[1.491s][info ][gc] GC(4) Garbage Collection (Allocation Stall) 472M(92%)->394M(77%)
[1.514s][debug][gc] GC(5) Boosting workers
[1.522s][info ][gc] Allocation Stall (main) 7.709ms
[1.523s][info ][gc] Allocation Stall (main) 0.637ms
[1.527s][info ][gc] GC(5) Garbage Collection (Allocation Stall) 486M(95%)->446M(87%)
[1.538s][debug][gc] GC(6) Boosting workers
[1.552s][info ][gc] Allocation Stall (main) 14.138ms
[1.560s][info ][gc] GC(6) Garbage Collection (Allocation Stall) 478M(93%)->382M(75%)
[1.574s][debug][gc] GC(7) Boosting workers
[1.583s][info ][gc] Allocation Stall (main) 9.404ms
[1.590s][info ][gc] GC(7) Garbage Collection (Allocation Stall) 474M(93%)->416M(81%)
[1.599s][debug][gc] GC(8) Boosting workers
[1.608s][info ][gc] Allocation Stall (main) 9.217ms
[1.614s][info ][gc] GC(8) Garbage Collection (Allocation Stall) 478M(93%)->444M(87%)
[1.621s][debug][gc] GC(9) Boosting workers
[1.634s][info ][gc] GC(9) Garbage Collection (Allocation Stall) 480M(94%)->496M(97%)
[1.634s][info ][gc] Allocation Stall (main) 12.685ms
[1.634s][info ][gc] Out Of Memory (main)
[1.634s][debug][gc] GC(10) Boosting workers
[1.636s][info ][gc] Allocation Stall (main) 2.133ms
[1.640s][info ][gc] GC(10) Garbage Collection (Allocation Stall) 496M(97%)->12M(2%)
