[0.027s][info][gc] Using The Z Garbage Collector
[1.180s][info][gc] GC(0) Garbage Collection (Warmup) 110M(21%)->112M(22%)
[1.291s][info][gc] GC(1) Garbage Collection (Warmup) 256M(50%)->244M(48%)
[1.387s][info][gc] GC(2) Garbage Collection (Warmup) 382M(75%)->322M(63%)
[1.444s][debug][gc] GC(3) Boosting workers
[1.461s][info ][gc] Allocation Stall (main) 17.333ms
[1.467s][info ][gc] GC(3) Garbage Collection (Allocation Stall) 486M(95%)->408M(80%)
[1.501s][debug][gc] GC(4) Boosting workers
[1.508s][info ][gc] Allocation Stall (main) 7.837ms
[1.518s][info ][gc] GC(4) Garbage Collection (Allocation Stall) 478M(93%)->436M(85%)
[1.537s][debug][gc] GC(5) Boosting workers
[1.552s][info ][gc] Allocation Stall (main) 15.622ms
[1.566s][info ][gc] GC(5) Garbage Collection (Allocation Stall) 474M(93%)->366M(71%)
[1.595s][debug][gc] GC(6) Boosting workers
[1.599s][info ][gc] Allocation Stall (main) 4.573ms
[1.607s][info ][gc] Allocation Stall (main) 7.081ms
[1.625s][info ][gc] GC(6) Garbage Collection (Allocation Stall) 486M(95%)->354M(69%)
[1.663s][info ][gc] Allocation Stall (main) 15.431ms
[1.664s][info ][gc] Allocation Stall (main) 0.821ms
[1.674s][info ][gc] Allocation Stall (main) 1.318ms
[1.690s][info ][gc] GC(7) Garbage Collection (Allocation Rate) 478M(93%)->464M(91%)
[1.702s][debug][gc] GC(8) Boosting workers
[1.711s][info ][gc] Allocation Stall (main) 9.273ms
[1.726s][info ][gc] GC(8) Garbage Collection (Allocation Stall) 476M(93%)->416M(81%)
[1.746s][debug][gc] GC(9) Boosting workers
[1.757s][info ][gc] Allocation Stall (main) 11.237ms
[1.763s][info ][gc] GC(9) Garbage Collection (Allocation Stall) 478M(93%)->454M(89%)
[1.771s][debug][gc] GC(10) Boosting workers
[1.787s][info ][gc] Allocation Stall (main) 16.178ms
[1.787s][info ][gc] GC(10) Garbage Collection (Allocation Stall) 486M(95%)->486M(95%)
[1.787s][debug][gc] GC(11) Boosting workers
[1.795s][info ][gc] GC(11) Garbage Collection (Allocation Stall) 486M(95%)->484M(95%)
[1.795s][info ][gc] Allocation Stall (main) 8.215ms
[1.795s][info ][gc] Out Of Memory (main)
